// Jest Snapshot v1, https://goo.gl/fbAQLP

exports[`<SelectSliderOption> displays option as label 1`] = `
<View>
  <Text
    accessible={true}
    allowFontScaling={true}
    disabled={false}
    ellipsizeMode="tail"
  >
    option1
  </Text>
</View>
`;
